// Jest Snapshot v1, https://goo.gl/fbAQLP

exports[`Home Component should render correctly 1`] = `
<div
  className="ui segment"
>
  Welcome!
</div>
`;
