// Jest Snapshot v1, https://goo.gl/fbAQLP

exports[`NotFound Component should render correctly 1`] = `
<div
  className="ui segment"
>
  Sorry, this page does not exist.
</div>
`;
