// Jest Snapshot v1, https://goo.gl/fbAQLP

exports[`Callback Component should render correctly 1`] = `<loading-component />`;
