// Jest Snapshot v1, https://goo.gl/fbAQLP

exports[`Private Component should render correctly 1`] = `
<div
  className="ui segment"
>
  This is a private page
</div>
`;
